14.1.1
1
I am preprocessing.py
Testset: bistro
Mode: rel
Language: de
Loading spaCy model...
Starting preprocessing...
Loading data from: data/bistro/rel/BISTRO__rel.tsv
Found 4 target term columns: ['tgt_term_gold', 'tgt_term_hyponym', 'tgt_term_hypernym', 'tgt_term_co-hyponym']
Loading translation files from: data/bistro/rel
  Loading: data/bistro/rel/Cohere CAT+.txt
Lemmatizing translation columns...
Lemmatizing term columns: ['tgt_term_gold', 'tgt_term_hyponym', 'tgt_term_hypernym', 'tgt_term_co-hyponym']
Elapsed: 22.24 seconds
Saving preprocessed data to: data/preprocessed_texts/bistro/preprocessed_texts_rel.tsv
Saving raw data to: data/preprocessed_texts/bistro/raw_texts_rel.tsv
✅ Preprocessing complete!
   - Preprocessed file: data/preprocessed_texts/bistro/preprocessed_texts_rel.tsv
   - Raw file: data/preprocessed_texts/bistro/raw_texts_rel.tsv
   - Number of translation columns: 1
   - Translation columns: ['Cohere CAT+']
   - Lemmatized term columns: ['tgt_term_gold', 'tgt_term_hyponym', 'tgt_term_hypernym', 'tgt_term_co-hyponym']
Testset: bistro
Mode: rel
Language: de
German model and matcher loaded.
Translation models: ['Cohere CAT+']
Loading preprocessed data from: data/preprocessed_texts/bistro/preprocessed_texts_rel.tsv
Loading raw data from: data/preprocessed_texts/bistro/raw_texts_rel.tsv
Detected term columns for BISTRO: ['tgt_term_gold', 'tgt_term_hyponym', 'tgt_term_hypernym', 'tgt_term_co-hyponym']
Creating entries for bistro - rel...

============================================================
Finding terms for domain: tgt_term_gold
============================================================
Loaded ngram_probs successfully!
  Model Cohere CAT+: 556 results

============================================================
Finding terms for domain: tgt_term_hyponym
============================================================
  Model Cohere CAT+: 556 results

============================================================
Finding terms for domain: tgt_term_hypernym
============================================================
  Model Cohere CAT+: 556 results

============================================================
Finding terms for domain: tgt_term_co-hyponym
============================================================
  Model Cohere CAT+: 556 results

============================================================
Saving term maching results to CSV...
============================================================
Results saved to: data/results/bistro/rel/tgt_term_gold.csv
Results saved to: data/results/bistro/rel/tgt_term_hyponym.csv
Results saved to: data/results/bistro/rel/tgt_term_hypernym.csv
Results saved to: data/results/bistro/rel/tgt_term_co-hyponym.csv

============================================================
Calculating success rates...
============================================================
Success rates for 'Success rate of tgt_term_gold' written to: data/results_analysis/bistro/rel/term_accuracy_rates.txt
Success rates for 'Success rate of tgt_term_hyponym' written to: data/results_analysis/bistro/rel/term_accuracy_rates.txt
Success rates for 'Success rate of tgt_term_hypernym' written to: data/results_analysis/bistro/rel/term_accuracy_rates.txt
Success rates for 'Success rate of tgt_term_co-hyponym' written to: data/results_analysis/bistro/rel/term_accuracy_rates.txt
Rates TSV written to: data/results_analysis/bistro/rel/term_accuracy_rates.tsv

✅ Term finding complete!
   - Results saved to: data/results/bistro/rel
   - Analysis saved to: data/results_analysis/bistro/rel/term_accuracy_rates.txt
Testset:        bistro
Mode:           rel
Metric:         chrf
Hypotheses dir: ./data/bistro/rel
Reference:      ./data/bistro/rel/BISTRO__rel.tsv
Rates TSV loaded: data/results_analysis/bistro/rel/term_accuracy_rates.tsv  (1 models)

============================================================
Scoring with CHRF
============================================================
  Cohere CAT+:
Result details:    chrF2++ = 66.30 (μ = 66.31 ± 0.98)
Signature:    nrefs:1|bs:1000|seed:12345|case:mixed|eff:yes|nc:6|nw:2|space:no|version:2.6.0

✅ CHRF scores attached to: data/results_analysis/bistro/rel/term_accuracy_rates.tsv
Testset:        bistro
Mode:           rel
Metric:         bleu
Hypotheses dir: ./data/bistro/rel
Reference:      ./data/bistro/rel/BISTRO__rel.tsv
Rates TSV loaded: data/results_analysis/bistro/rel/term_accuracy_rates.tsv  (1 models)

============================================================
Scoring with BLEU
============================================================
  Cohere CAT+:
Result details:    BLEU = 38.19 (μ = 38.19 ± 1.53) 67.0/44.3/31.4/22.8 (BP = 1.000 ratio = 1.029 hyp_len = 16692 ref_len = 16228)
Signature:    nrefs:1|bs:1000|seed:12345|case:mixed|eff:no|tok:13a|smooth:exp|version:2.6.0

✅ BLEU scores attached to: data/results_analysis/bistro/rel/term_accuracy_rates.tsv
